<?xml version="1.0" encoding="utf-8"?>
<TestRun id="09a9a6f8-e64d-40e6-8674-7b78ec115a15" name="@pkrvmqc4gcfdwos 2025-08-27 12:36:33" xmlns="http://microsoft.com/schemas/VisualStudio/TeamTest/2010">
  <Times creation="2025-08-27T12:36:33.6416162+00:00" queuing="2025-08-27T12:36:33.6416163+00:00" start="2025-08-27T12:36:30.4304640+00:00" finish="2025-08-27T12:36:33.7413947+00:00" />
  <TestSettings name="default" id="368ab7db-6788-4e0b-957e-8e7ea8a814e0">
    <Deployment runDeploymentRoot="_pkrvmqc4gcfdwos_2025-08-27_12_36_33" />
  </TestSettings>
  <Results>
    <UnitTestResult executionId="25aec89a-c2c0-4859-ad38-b1c46dc1b22f" testId="278aaba5-2110-464a-6818-af9e9f9ef34d" testName="TestMultipleEntrances" computerName="pkrvmqc4gcfdwos" duration="00:00:00.0009149" startTime="2025-08-27T12:36:33.5946928+00:00" endTime="2025-08-27T12:36:33.5957821+00:00" testType="13cdc9d9-ddb5-4fa4-a97d-d965ccfc6d4b" outcome="Passed" testListId="8c84fa94-04c1-424b-9868-57a2d4851a1d" relativeResultsDirectory="25aec89a-c2c0-4859-ad38-b1c46dc1b22f" />
    <UnitTestResult executionId="2c8675f9-bd05-46f7-bcf0-b3c9c86ad221" testId="e5491835-c354-0aa6-26f2-020d9f052353" testName="TestMiniGraph_NoHammer_OneKey" computerName="pkrvmqc4gcfdwos" duration="00:00:00.0168923" startTime="2025-08-27T12:36:33.5643731+00:00" endTime="2025-08-27T12:36:33.5813795+00:00" testType="13cdc9d9-ddb5-4fa4-a97d-d965ccfc6d4b" outcome="Passed" testListId="8c84fa94-04c1-424b-9868-57a2d4851a1d" relativeResultsDirectory="2c8675f9-bd05-46f7-bcf0-b3c9c86ad221" />
    <UnitTestResult executionId="55cced81-9873-42f1-9553-feba9fc6252d" testId="a4608abe-caec-5833-72aa-eaa0b60ee806" testName="TestMiniGraph_WithStaticKey" computerName="pkrvmqc4gcfdwos" duration="00:00:00.0004270" startTime="2025-08-27T12:36:33.5814243+00:00" endTime="2025-08-27T12:36:33.5819959+00:00" testType="13cdc9d9-ddb5-4fa4-a97d-d965ccfc6d4b" outcome="Passed" testListId="8c84fa94-04c1-424b-9868-57a2d4851a1d" relativeResultsDirectory="55cced81-9873-42f1-9553-feba9fc6252d" />
    <UnitTestResult executionId="385ede85-605e-4fc4-88a1-883edfcd3885" testId="9b50f778-d752-b08c-3cfc-03432f3d2d38" testName="TestChainOfDoors" computerName="pkrvmqc4gcfdwos" duration="00:00:00.0007838" startTime="2025-08-27T12:36:33.5820259+00:00" endTime="2025-08-27T12:36:33.5829157+00:00" testType="13cdc9d9-ddb5-4fa4-a97d-d965ccfc6d4b" outcome="Passed" testListId="8c84fa94-04c1-424b-9868-57a2d4851a1d" relativeResultsDirectory="385ede85-605e-4fc4-88a1-883edfcd3885" />
    <UnitTestResult executionId="98544b93-3615-4d67-a643-229e09d1b41d" testId="d6d65afc-51be-d2e2-0d60-3c0d5aa32b76" testName="TestMiniGraph_WithHammer_OneKey" computerName="pkrvmqc4gcfdwos" duration="00:00:00.0004284" startTime="2025-08-27T12:36:33.5814237+00:00" endTime="2025-08-27T12:36:33.5819969+00:00" testType="13cdc9d9-ddb5-4fa4-a97d-d965ccfc6d4b" outcome="Passed" testListId="8c84fa94-04c1-424b-9868-57a2d4851a1d" relativeResultsDirectory="98544b93-3615-4d67-a643-229e09d1b41d" />
    <UnitTestResult executionId="db1294a3-bb61-4fdd-8072-1f88fc5cbc1f" testId="de34cf3d-356d-e4da-83c4-c05314b8210a" testName="TestEmptyResult" computerName="pkrvmqc4gcfdwos" duration="00:00:00.0008409" startTime="2025-08-27T12:36:33.5958191+00:00" endTime="2025-08-27T12:36:33.5967904+00:00" testType="13cdc9d9-ddb5-4fa4-a97d-d965ccfc6d4b" outcome="Passed" testListId="8c84fa94-04c1-424b-9868-57a2d4851a1d" relativeResultsDirectory="db1294a3-bb61-4fdd-8072-1f88fc5cbc1f" />
    <UnitTestResult executionId="181a5883-8f61-4058-a96c-0e06d53de5e1" testId="65026bd6-4f6f-fb39-b048-839c6e0b78f3" testName="TestDungeonKeySolverIntegration_NoExceptions" computerName="pkrvmqc4gcfdwos" duration="00:00:00.0350166" startTime="2025-08-27T12:36:33.5045678+00:00" endTime="2025-08-27T12:36:33.5597364+00:00" testType="13cdc9d9-ddb5-4fa4-a97d-d965ccfc6d4b" outcome="Passed" testListId="8c84fa94-04c1-424b-9868-57a2d4851a1d" relativeResultsDirectory="181a5883-8f61-4058-a96c-0e06d53de5e1" />
    <UnitTestResult executionId="eaabaa48-133b-4c3d-a61d-e87ca1404da1" testId="2a8fdf60-bc2b-a020-941a-8b81996feec4" testName="TestBidirectionalDoor" computerName="pkrvmqc4gcfdwos" duration="00:00:00.0006102" startTime="2025-08-27T12:36:33.5820263+00:00" endTime="2025-08-27T12:36:33.5827362+00:00" testType="13cdc9d9-ddb5-4fa4-a97d-d965ccfc6d4b" outcome="Passed" testListId="8c84fa94-04c1-424b-9868-57a2d4851a1d" relativeResultsDirectory="eaabaa48-133b-4c3d-a61d-e87ca1404da1" />
    <UnitTestResult executionId="eae4b965-6489-48a7-b308-126eb70d484b" testId="0115c5a3-2e26-e97f-e4b9-9b6e1f7e49d7" testName="TestDungeonKeySolverStatic_EmptyGraph" computerName="pkrvmqc4gcfdwos" duration="00:00:00.0003712" startTime="2025-08-27T12:36:33.5634134+00:00" endTime="2025-08-27T12:36:33.5641813+00:00" testType="13cdc9d9-ddb5-4fa4-a97d-d965ccfc6d4b" outcome="Passed" testListId="8c84fa94-04c1-424b-9868-57a2d4851a1d" relativeResultsDirectory="eae4b965-6489-48a7-b308-126eb70d484b" />
    <UnitTestResult executionId="5a7ad735-380b-449c-96f6-7f098df985c5" testId="d99c37ed-7372-fc39-d198-9f0ea6c3239d" testName="TestPropertyBasedVsBruteForce" computerName="pkrvmqc4gcfdwos" duration="00:00:00.0051315" startTime="2025-08-27T12:36:33.5970706+00:00" endTime="2025-08-27T12:36:33.6023111+00:00" testType="13cdc9d9-ddb5-4fa4-a97d-d965ccfc6d4b" outcome="Passed" testListId="8c84fa94-04c1-424b-9868-57a2d4851a1d" relativeResultsDirectory="5a7ad735-380b-449c-96f6-7f098df985c5" />
    <UnitTestResult executionId="5fa872e3-64c6-4d02-9285-040c7511145f" testId="97d5cede-753d-1c19-e7cc-345f008ff90c" testName="TestPerformanceWithLargerGraph" computerName="pkrvmqc4gcfdwos" duration="00:00:00.0437672" startTime="2025-08-27T12:36:33.5973272+00:00" endTime="2025-08-27T12:36:33.6412272+00:00" testType="13cdc9d9-ddb5-4fa4-a97d-d965ccfc6d4b" outcome="Passed" testListId="8c84fa94-04c1-424b-9868-57a2d4851a1d" relativeResultsDirectory="5fa872e3-64c6-4d02-9285-040c7511145f" />
    <UnitTestResult executionId="f2cb6f90-1e8e-4c2d-a183-7e7479961c6e" testId="71a21f9d-7328-9b8c-f28b-c8c421b0ed82" testName="TestDemo" computerName="pkrvmqc4gcfdwos" duration="00:00:00.0560006" startTime="2025-08-27T12:36:33.6023424+00:00" endTime="2025-08-27T12:36:33.6593645+00:00" testType="13cdc9d9-ddb5-4fa4-a97d-d965ccfc6d4b" outcome="Passed" testListId="8c84fa94-04c1-424b-9868-57a2d4851a1d" relativeResultsDirectory="f2cb6f90-1e8e-4c2d-a183-7e7479961c6e">
      <Output>
        <StdOut>=== Early Game State ===
Safe locations without Lamp/BigKey: [103, 102, 101]

=== Mid Game State (have Lamp) ===
Safe locations with Lamp: [104, 103, 102, 101]

=== Late Game State (have Lamp + BigKey) ===
Safe locations with Lamp + BigKey: [106, 105, 104, 103, 102, 101]

=== Performance Demo ===
1000 queries took 46ms (avg 0.05ms per query)

=== One-shot Usage ===
One-shot result: [103, 102, 101]</StdOut>
      </Output>
    </UnitTestResult>
    <UnitTestResult executionId="a2b39b1e-416d-4dfa-9689-1e8fc2c97208" testId="154f5b73-940f-a609-7849-1375ccb18f8d" testName="TestMiniGraph_NoHammer_NoKeys" computerName="pkrvmqc4gcfdwos" duration="00:00:00.0175702" startTime="2025-08-27T12:36:33.5634141+00:00" endTime="2025-08-27T12:36:33.5813808+00:00" testType="13cdc9d9-ddb5-4fa4-a97d-d965ccfc6d4b" outcome="Passed" testListId="8c84fa94-04c1-424b-9868-57a2d4851a1d" relativeResultsDirectory="a2b39b1e-416d-4dfa-9689-1e8fc2c97208" />
    <UnitTestResult executionId="d0dbdd3f-8201-49b9-8218-cddb9b691737" testId="00bb3a9e-c9d6-c644-b40d-a969bca13455" testName="TestStaticSolverMethod" computerName="pkrvmqc4gcfdwos" duration="00:00:00.0003619" startTime="2025-08-27T12:36:33.5965633+00:00" endTime="2025-08-27T12:36:33.5970329+00:00" testType="13cdc9d9-ddb5-4fa4-a97d-d965ccfc6d4b" outcome="Passed" testListId="8c84fa94-04c1-424b-9868-57a2d4851a1d" relativeResultsDirectory="d0dbdd3f-8201-49b9-8218-cddb9b691737" />
    <UnitTestResult executionId="92c04198-aa5b-4ef3-85f7-255a71b5daef" testId="c29c21d9-6bdf-abc6-106f-39a5b9c27fc6" testName="TestSafeComponents" computerName="pkrvmqc4gcfdwos" duration="00:00:00.0003667" startTime="2025-08-27T12:36:33.5968239+00:00" endTime="2025-08-27T12:36:33.5972944+00:00" testType="13cdc9d9-ddb5-4fa4-a97d-d965ccfc6d4b" outcome="Passed" testListId="8c84fa94-04c1-424b-9868-57a2d4851a1d" relativeResultsDirectory="92c04198-aa5b-4ef3-85f7-255a71b5daef" />
    <UnitTestResult executionId="fee1ed0b-e0da-4b47-b58f-e2e5fe5ce83b" testId="14c33fd0-b508-1328-28e7-3d43d4e1587c" testName="TestDungeonGraphConverter_EmptyGraph" computerName="pkrvmqc4gcfdwos" duration="00:00:00.0142258" startTime="2025-08-27T12:36:33.5046177+00:00" endTime="2025-08-27T12:36:33.5538449+00:00" testType="13cdc9d9-ddb5-4fa4-a97d-d965ccfc6d4b" outcome="Passed" testListId="8c84fa94-04c1-424b-9868-57a2d4851a1d" relativeResultsDirectory="fee1ed0b-e0da-4b47-b58f-e2e5fe5ce83b" />
  </Results>
  <TestDefinitions>
    <UnitTest name="TestPropertyBasedVsBruteForce" storage="/home/runner/work/csrando/csrando/tests/randomizertests/bin/debug/net8.0/randomizertests.dll" id="d99c37ed-7372-fc39-d198-9f0ea6c3239d">
      <Execution id="5a7ad735-380b-449c-96f6-7f098df985c5" />
      <TestMethod codeBase="/home/runner/work/csrando/csrando/tests/RandomizerTests/bin/Debug/net8.0/RandomizerTests.dll" adapterTypeName="executor://mstestadapter/v2" className="RandomizerTests.Unit.DungeonKeySolverTests" name="TestPropertyBasedVsBruteForce" />
    </UnitTest>
    <UnitTest name="TestBidirectionalDoor" storage="/home/runner/work/csrando/csrando/tests/randomizertests/bin/debug/net8.0/randomizertests.dll" id="2a8fdf60-bc2b-a020-941a-8b81996feec4">
      <Execution id="eaabaa48-133b-4c3d-a61d-e87ca1404da1" />
      <TestMethod codeBase="/home/runner/work/csrando/csrando/tests/RandomizerTests/bin/Debug/net8.0/RandomizerTests.dll" adapterTypeName="executor://mstestadapter/v2" className="RandomizerTests.Unit.DungeonKeySolverTests" name="TestBidirectionalDoor" />
    </UnitTest>
    <UnitTest name="TestMiniGraph_WithHammer_OneKey" storage="/home/runner/work/csrando/csrando/tests/randomizertests/bin/debug/net8.0/randomizertests.dll" id="d6d65afc-51be-d2e2-0d60-3c0d5aa32b76">
      <Execution id="98544b93-3615-4d67-a643-229e09d1b41d" />
      <TestMethod codeBase="/home/runner/work/csrando/csrando/tests/RandomizerTests/bin/Debug/net8.0/RandomizerTests.dll" adapterTypeName="executor://mstestadapter/v2" className="RandomizerTests.Unit.DungeonKeySolverTests" name="TestMiniGraph_WithHammer_OneKey" />
    </UnitTest>
    <UnitTest name="TestMiniGraph_NoHammer_OneKey" storage="/home/runner/work/csrando/csrando/tests/randomizertests/bin/debug/net8.0/randomizertests.dll" id="e5491835-c354-0aa6-26f2-020d9f052353">
      <Execution id="2c8675f9-bd05-46f7-bcf0-b3c9c86ad221" />
      <TestMethod codeBase="/home/runner/work/csrando/csrando/tests/RandomizerTests/bin/Debug/net8.0/RandomizerTests.dll" adapterTypeName="executor://mstestadapter/v2" className="RandomizerTests.Unit.DungeonKeySolverTests" name="TestMiniGraph_NoHammer_OneKey" />
    </UnitTest>
    <UnitTest name="TestMiniGraph_NoHammer_NoKeys" storage="/home/runner/work/csrando/csrando/tests/randomizertests/bin/debug/net8.0/randomizertests.dll" id="154f5b73-940f-a609-7849-1375ccb18f8d">
      <Execution id="a2b39b1e-416d-4dfa-9689-1e8fc2c97208" />
      <TestMethod codeBase="/home/runner/work/csrando/csrando/tests/RandomizerTests/bin/Debug/net8.0/RandomizerTests.dll" adapterTypeName="executor://mstestadapter/v2" className="RandomizerTests.Unit.DungeonKeySolverTests" name="TestMiniGraph_NoHammer_NoKeys" />
    </UnitTest>
    <UnitTest name="TestDungeonKeySolverIntegration_NoExceptions" storage="/home/runner/work/csrando/csrando/tests/randomizertests/bin/debug/net8.0/randomizertests.dll" id="65026bd6-4f6f-fb39-b048-839c6e0b78f3">
      <Execution id="181a5883-8f61-4058-a96c-0e06d53de5e1" />
      <TestMethod codeBase="/home/runner/work/csrando/csrando/tests/RandomizerTests/bin/Debug/net8.0/RandomizerTests.dll" adapterTypeName="executor://mstestadapter/v2" className="RandomizerTests.Unit.DungeonKeySolverIntegrationTests" name="TestDungeonKeySolverIntegration_NoExceptions" />
    </UnitTest>
    <UnitTest name="TestDungeonGraphConverter_EmptyGraph" storage="/home/runner/work/csrando/csrando/tests/randomizertests/bin/debug/net8.0/randomizertests.dll" id="14c33fd0-b508-1328-28e7-3d43d4e1587c">
      <Execution id="fee1ed0b-e0da-4b47-b58f-e2e5fe5ce83b" />
      <TestMethod codeBase="/home/runner/work/csrando/csrando/tests/RandomizerTests/bin/Debug/net8.0/RandomizerTests.dll" adapterTypeName="executor://mstestadapter/v2" className="RandomizerTests.Unit.DungeonKeySolverIntegrationTests" name="TestDungeonGraphConverter_EmptyGraph" />
    </UnitTest>
    <UnitTest name="TestStaticSolverMethod" storage="/home/runner/work/csrando/csrando/tests/randomizertests/bin/debug/net8.0/randomizertests.dll" id="00bb3a9e-c9d6-c644-b40d-a969bca13455">
      <Execution id="d0dbdd3f-8201-49b9-8218-cddb9b691737" />
      <TestMethod codeBase="/home/runner/work/csrando/csrando/tests/RandomizerTests/bin/Debug/net8.0/RandomizerTests.dll" adapterTypeName="executor://mstestadapter/v2" className="RandomizerTests.Unit.DungeonKeySolverTests" name="TestStaticSolverMethod" />
    </UnitTest>
    <UnitTest name="TestDungeonKeySolverStatic_EmptyGraph" storage="/home/runner/work/csrando/csrando/tests/randomizertests/bin/debug/net8.0/randomizertests.dll" id="0115c5a3-2e26-e97f-e4b9-9b6e1f7e49d7">
      <Execution id="eae4b965-6489-48a7-b308-126eb70d484b" />
      <TestMethod codeBase="/home/runner/work/csrando/csrando/tests/RandomizerTests/bin/Debug/net8.0/RandomizerTests.dll" adapterTypeName="executor://mstestadapter/v2" className="RandomizerTests.Unit.DungeonKeySolverIntegrationTests" name="TestDungeonKeySolverStatic_EmptyGraph" />
    </UnitTest>
    <UnitTest name="TestSafeComponents" storage="/home/runner/work/csrando/csrando/tests/randomizertests/bin/debug/net8.0/randomizertests.dll" id="c29c21d9-6bdf-abc6-106f-39a5b9c27fc6">
      <Execution id="92c04198-aa5b-4ef3-85f7-255a71b5daef" />
      <TestMethod codeBase="/home/runner/work/csrando/csrando/tests/RandomizerTests/bin/Debug/net8.0/RandomizerTests.dll" adapterTypeName="executor://mstestadapter/v2" className="RandomizerTests.Unit.DungeonKeySolverTests" name="TestSafeComponents" />
    </UnitTest>
    <UnitTest name="TestMiniGraph_WithStaticKey" storage="/home/runner/work/csrando/csrando/tests/randomizertests/bin/debug/net8.0/randomizertests.dll" id="a4608abe-caec-5833-72aa-eaa0b60ee806">
      <Execution id="55cced81-9873-42f1-9553-feba9fc6252d" />
      <TestMethod codeBase="/home/runner/work/csrando/csrando/tests/RandomizerTests/bin/Debug/net8.0/RandomizerTests.dll" adapterTypeName="executor://mstestadapter/v2" className="RandomizerTests.Unit.DungeonKeySolverTests" name="TestMiniGraph_WithStaticKey" />
    </UnitTest>
    <UnitTest name="TestPerformanceWithLargerGraph" storage="/home/runner/work/csrando/csrando/tests/randomizertests/bin/debug/net8.0/randomizertests.dll" id="97d5cede-753d-1c19-e7cc-345f008ff90c">
      <Execution id="5fa872e3-64c6-4d02-9285-040c7511145f" />
      <TestMethod codeBase="/home/runner/work/csrando/csrando/tests/RandomizerTests/bin/Debug/net8.0/RandomizerTests.dll" adapterTypeName="executor://mstestadapter/v2" className="RandomizerTests.Unit.DungeonKeySolverTests" name="TestPerformanceWithLargerGraph" />
    </UnitTest>
    <UnitTest name="TestChainOfDoors" storage="/home/runner/work/csrando/csrando/tests/randomizertests/bin/debug/net8.0/randomizertests.dll" id="9b50f778-d752-b08c-3cfc-03432f3d2d38">
      <Execution id="385ede85-605e-4fc4-88a1-883edfcd3885" />
      <TestMethod codeBase="/home/runner/work/csrando/csrando/tests/RandomizerTests/bin/Debug/net8.0/RandomizerTests.dll" adapterTypeName="executor://mstestadapter/v2" className="RandomizerTests.Unit.DungeonKeySolverTests" name="TestChainOfDoors" />
    </UnitTest>
    <UnitTest name="TestDemo" storage="/home/runner/work/csrando/csrando/tests/randomizertests/bin/debug/net8.0/randomizertests.dll" id="71a21f9d-7328-9b8c-f28b-c8c421b0ed82">
      <Execution id="f2cb6f90-1e8e-4c2d-a183-7e7479961c6e" />
      <TestMethod codeBase="/home/runner/work/csrando/csrando/tests/RandomizerTests/bin/Debug/net8.0/RandomizerTests.dll" adapterTypeName="executor://mstestadapter/v2" className="RandomizerTests.Unit.DungeonKeySolverTests" name="TestDemo" />
    </UnitTest>
    <UnitTest name="TestMultipleEntrances" storage="/home/runner/work/csrando/csrando/tests/randomizertests/bin/debug/net8.0/randomizertests.dll" id="278aaba5-2110-464a-6818-af9e9f9ef34d">
      <Execution id="25aec89a-c2c0-4859-ad38-b1c46dc1b22f" />
      <TestMethod codeBase="/home/runner/work/csrando/csrando/tests/RandomizerTests/bin/Debug/net8.0/RandomizerTests.dll" adapterTypeName="executor://mstestadapter/v2" className="RandomizerTests.Unit.DungeonKeySolverTests" name="TestMultipleEntrances" />
    </UnitTest>
    <UnitTest name="TestEmptyResult" storage="/home/runner/work/csrando/csrando/tests/randomizertests/bin/debug/net8.0/randomizertests.dll" id="de34cf3d-356d-e4da-83c4-c05314b8210a">
      <Execution id="db1294a3-bb61-4fdd-8072-1f88fc5cbc1f" />
      <TestMethod codeBase="/home/runner/work/csrando/csrando/tests/RandomizerTests/bin/Debug/net8.0/RandomizerTests.dll" adapterTypeName="executor://mstestadapter/v2" className="RandomizerTests.Unit.DungeonKeySolverTests" name="TestEmptyResult" />
    </UnitTest>
  </TestDefinitions>
  <TestEntries>
    <TestEntry testId="278aaba5-2110-464a-6818-af9e9f9ef34d" executionId="25aec89a-c2c0-4859-ad38-b1c46dc1b22f" testListId="8c84fa94-04c1-424b-9868-57a2d4851a1d" />
    <TestEntry testId="e5491835-c354-0aa6-26f2-020d9f052353" executionId="2c8675f9-bd05-46f7-bcf0-b3c9c86ad221" testListId="8c84fa94-04c1-424b-9868-57a2d4851a1d" />
    <TestEntry testId="a4608abe-caec-5833-72aa-eaa0b60ee806" executionId="55cced81-9873-42f1-9553-feba9fc6252d" testListId="8c84fa94-04c1-424b-9868-57a2d4851a1d" />
    <TestEntry testId="9b50f778-d752-b08c-3cfc-03432f3d2d38" executionId="385ede85-605e-4fc4-88a1-883edfcd3885" testListId="8c84fa94-04c1-424b-9868-57a2d4851a1d" />
    <TestEntry testId="d6d65afc-51be-d2e2-0d60-3c0d5aa32b76" executionId="98544b93-3615-4d67-a643-229e09d1b41d" testListId="8c84fa94-04c1-424b-9868-57a2d4851a1d" />
    <TestEntry testId="de34cf3d-356d-e4da-83c4-c05314b8210a" executionId="db1294a3-bb61-4fdd-8072-1f88fc5cbc1f" testListId="8c84fa94-04c1-424b-9868-57a2d4851a1d" />
    <TestEntry testId="65026bd6-4f6f-fb39-b048-839c6e0b78f3" executionId="181a5883-8f61-4058-a96c-0e06d53de5e1" testListId="8c84fa94-04c1-424b-9868-57a2d4851a1d" />
    <TestEntry testId="2a8fdf60-bc2b-a020-941a-8b81996feec4" executionId="eaabaa48-133b-4c3d-a61d-e87ca1404da1" testListId="8c84fa94-04c1-424b-9868-57a2d4851a1d" />
    <TestEntry testId="0115c5a3-2e26-e97f-e4b9-9b6e1f7e49d7" executionId="eae4b965-6489-48a7-b308-126eb70d484b" testListId="8c84fa94-04c1-424b-9868-57a2d4851a1d" />
    <TestEntry testId="d99c37ed-7372-fc39-d198-9f0ea6c3239d" executionId="5a7ad735-380b-449c-96f6-7f098df985c5" testListId="8c84fa94-04c1-424b-9868-57a2d4851a1d" />
    <TestEntry testId="97d5cede-753d-1c19-e7cc-345f008ff90c" executionId="5fa872e3-64c6-4d02-9285-040c7511145f" testListId="8c84fa94-04c1-424b-9868-57a2d4851a1d" />
    <TestEntry testId="71a21f9d-7328-9b8c-f28b-c8c421b0ed82" executionId="f2cb6f90-1e8e-4c2d-a183-7e7479961c6e" testListId="8c84fa94-04c1-424b-9868-57a2d4851a1d" />
    <TestEntry testId="154f5b73-940f-a609-7849-1375ccb18f8d" executionId="a2b39b1e-416d-4dfa-9689-1e8fc2c97208" testListId="8c84fa94-04c1-424b-9868-57a2d4851a1d" />
    <TestEntry testId="00bb3a9e-c9d6-c644-b40d-a969bca13455" executionId="d0dbdd3f-8201-49b9-8218-cddb9b691737" testListId="8c84fa94-04c1-424b-9868-57a2d4851a1d" />
    <TestEntry testId="c29c21d9-6bdf-abc6-106f-39a5b9c27fc6" executionId="92c04198-aa5b-4ef3-85f7-255a71b5daef" testListId="8c84fa94-04c1-424b-9868-57a2d4851a1d" />
    <TestEntry testId="14c33fd0-b508-1328-28e7-3d43d4e1587c" executionId="fee1ed0b-e0da-4b47-b58f-e2e5fe5ce83b" testListId="8c84fa94-04c1-424b-9868-57a2d4851a1d" />
  </TestEntries>
  <TestLists>
    <TestList name="Results Not in a List" id="8c84fa94-04c1-424b-9868-57a2d4851a1d" />
    <TestList name="All Loaded Results" id="19431567-8539-422a-85d7-44ee4e166bda" />
  </TestLists>
  <ResultSummary outcome="Completed">
    <Counters total="16" executed="16" passed="16" failed="0" error="0" timeout="0" aborted="0" inconclusive="0" passedButRunAborted="0" notRunnable="0" notExecuted="0" disconnected="0" warning="0" completed="0" inProgress="0" pending="0" />
    <Output>
      <StdOut>MSTest Executor: Test Parallelization enabled for /home/runner/work/csrando/csrando/tests/RandomizerTests/bin/Debug/net8.0/RandomizerTests.dll (Workers: 2, Scope: MethodLevel).
</StdOut>
    </Output>
  </ResultSummary>
</TestRun>